2026-06-03 10:20:59,123 [INFO] ============================================================
2026-06-03 10:20:59,123 [INFO] INICIANDO CICLO DE ATUALIZAÇÃO: 2026-06-03T10:20:59.123241+00:00
2026-06-03 10:20:59,123 [INFO] ============================================================
2026-06-03 10:20:59,123 [INFO] Iniciando: Auditoria de produtos
2026-06-03 10:23:05,674 [INFO] ✓ Auditoria de produtos concluído com sucesso
2026-06-03 10:23:05,674 [INFO] Iniciando: Motor de crescimento SEO
2026-06-03 10:23:05,938 [INFO] ✓ Motor de crescimento SEO concluído com sucesso
2026-06-03 10:23:05,939 [INFO] Relatório de saúde gerado: 0 produtos, 14 categorias
2026-06-03 13:24:50,814 [INFO] ============================================================
2026-06-03 13:24:50,814 [INFO] INICIANDO CICLO DE ATUALIZAÇÃO: 2026-06-03T13:24:50.814114+00:00
2026-06-03 13:24:50,814 [INFO] ============================================================
2026-06-03 13:24:50,814 [INFO] Passo 1: Verificação de links e download de imagens...
2026-06-03 13:24:50,814 [INFO] Iniciando: Verificador de Links
2026-06-03 13:31:36,074 [INFO] ✓ Verificador de Links concluído com sucesso
2026-06-03 13:31:36,074 [INFO] Iniciando: Otimizador de Imagens
2026-06-03 13:31:36,466 [INFO] ✓ Otimizador de Imagens concluído com sucesso
2026-06-03 13:31:36,467 [INFO] Iniciando: Auditoria de produtos
2026-06-03 13:34:28,964 [INFO] ✓ Auditoria de produtos concluído com sucesso
2026-06-03 13:34:28,964 [INFO] Passo 2: Aplicando inteligência de produto e histórico...
2026-06-03 13:34:28,965 [INFO] Iniciando: Inteligência de Produto
2026-06-03 13:34:29,032 [INFO] ✓ Inteligência de Produto concluído com sucesso
2026-06-03 13:34:29,033 [INFO] Passo 3: Gerando páginas e SEO...
2026-06-03 13:34:29,033 [INFO] Iniciando: Motor de crescimento SEO
2026-06-03 13:34:29,320 [INFO] ✓ Motor de crescimento SEO concluído com sucesso
2026-06-03 13:34:29,321 [INFO] Relatório de saúde gerado: 0 produtos, 14 categorias
