[2026-06-09 04:53:58 UTC] Iniciando ciclo de atualização 24/7 do Radar Ninja.
[2026-06-09 04:53:58 UTC] INÍCIO: orquestrador resiliente
[2026-06-09 04:53:58] INFO [self_healing.py:110]: === RADAR NINJA ENTERPRISE EDITION (PUBLISH-GUARD) ===
[2026-06-09 04:53:58] INFO [self_healing.py:15]: 🚀 Iniciando fetch_products_realtime.py...
[2026-06-09 04:53:58] WARNING [self_healing.py:66]: ⚠️ Tentativa 1 falhou para fetch_products_realtime.py
[2026-06-09 04:53:58] INFO [self_healing.py:15]: 🚀 Iniciando fetch_products_realtime.py...
[2026-06-09 04:53:58] WARNING [self_healing.py:66]: ⚠️ Tentativa 2 falhou para fetch_products_realtime.py
[2026-06-09 04:53:58] INFO [self_healing.py:15]: 🚀 Iniciando fetch_products_realtime.py...
[2026-06-09 04:53:58] WARNING [self_healing.py:66]: ⚠️ Tentativa 3 falhou para fetch_products_realtime.py
[2026-06-09 04:53:58] CRITICAL [operational_utils.py:32]: ALERTA POR EMAIL [Pipeline Error]: Falha no script fetch_products_realtime.py: /usr/bin/python3: can't open file '/home/ubuntu/repo_comprerapido/scripts/fetch_products_realtime.py': [Errno 2] No such file or directory

[2026-06-09 04:53:58] INFO [self_healing.py:15]: 🚀 Iniciando score_products.py...
[2026-06-09 04:53:58] INFO [self_healing.py:15]: 🚀 Iniciando affiliate_links.py...
[2026-06-09 04:53:58] INFO [self_healing.py:15]: 🚀 Iniciando validate_products.py...
[2026-06-09 04:53:58] INFO [self_healing.py:15]: 🚀 Iniciando sync_database.py...
[2026-06-09 04:53:58] INFO [self_healing.py:15]: 🚀 Iniciando deduplicate.py...
[2026-06-09 04:53:58] INFO [self_healing.py:15]: 🚀 Iniciando editorial_automation.py...
[2026-06-09 04:53:58] INFO [self_healing.py:15]: 🚀 Iniciando generate_blog_posts.py...
[2026-06-09 04:53:58] INFO [self_healing.py:15]: 🚀 Iniciando clean_legacy_posts.py...
[2026-06-09 04:53:58] WARNING [self_healing.py:66]: ⚠️ Tentativa 1 falhou para clean_legacy_posts.py
[2026-06-09 04:53:58] INFO [self_healing.py:15]: 🚀 Iniciando clean_legacy_posts.py...
[2026-06-09 04:53:58] WARNING [self_healing.py:66]: ⚠️ Tentativa 2 falhou para clean_legacy_posts.py
[2026-06-09 04:53:58] INFO [self_healing.py:15]: 🚀 Iniciando clean_legacy_posts.py...
[2026-06-09 04:53:58] WARNING [self_healing.py:66]: ⚠️ Tentativa 3 falhou para clean_legacy_posts.py
[2026-06-09 04:53:58] CRITICAL [operational_utils.py:32]: ALERTA POR EMAIL [Pipeline Error]: Falha no script clean_legacy_posts.py: /usr/bin/python3: can't open file '/home/ubuntu/repo_comprerapido/scripts/clean_legacy_posts.py': [Errno 2] No such file or directory

[2026-06-09 04:53:58] INFO [self_healing.py:15]: 🚀 Iniciando generate_pages.py...
[2026-06-09 04:53:58] WARNING [self_healing.py:66]: ⚠️ Tentativa 1 falhou para generate_pages.py
[2026-06-09 04:53:58] INFO [self_healing.py:15]: 🚀 Iniciando generate_pages.py...
[2026-06-09 04:53:58] WARNING [self_healing.py:66]: ⚠️ Tentativa 2 falhou para generate_pages.py
[2026-06-09 04:53:58] INFO [self_healing.py:15]: 🚀 Iniciando generate_pages.py...
[2026-06-09 04:53:58] WARNING [self_healing.py:66]: ⚠️ Tentativa 3 falhou para generate_pages.py
[2026-06-09 04:53:58] CRITICAL [operational_utils.py:32]: ALERTA POR EMAIL [Pipeline Error]: Falha no script generate_pages.py:   File "/home/ubuntu/repo_comprerapido/scripts/generate_pages.py", line 102
    desc = product.get(\'description\', f"Confira esta oferta de {product_name} no Mercado Livre! Produto selecionado pelo A
[2026-06-09 04:53:58] ERROR [self_healing.py:71]: ❌ ABORTANDO: generate_pages.py falhou.
[2026-06-09 04:53:58 UTC] FALHA: orquestrador resiliente retornou código 1.
[2026-06-09 04:53:58 UTC] ERRO: ciclo encerrado com código 1. Últimas linhas do log:
